Timestamp        S0C    S1C    S0U    S1U      EC       EU        OC         OU       PC     PU    YGC     YGCT    FGC    FGCT     GCT
         1519,8 7936,0 7936,0  0,0    0,0   48000,0   2881,4   127808,0     0,0     21248,0 2927,4      0    0,000   0      0,000    0,000
         1521,8 7936,0 7936,0  0,0    0,0   48000,0  24003,8   127808,0     0,0     21248,0 3023,4      0    0,000   0      0,000    0,000
         1523,8 7936,0 7936,0  0,0   7904,0 48000,0  15867,2   127808,0    2698,9   21248,0 3026,5      1    0,007   0      0,000    0,007
         1525,8 7936,0 7936,0 7920,0  0,0   48000,0   2811,4   127808,0   12938,9   21248,0 3026,5      2    0,023   0      0,000    0,023
         1527,9 7936,0 7936,0 7920,0  0,0   48000,0  41577,1   127808,0   12938,9   21248,0 3026,5      2    0,023   0      0,000    0,023
         1529,9 7936,0 7936,0  0,0   7904,0 48000,0  30927,0   127808,0   23786,9   21248,0 3026,5      3    0,034   0      0,000    0,034
         1531,9 7936,0 7936,0 7904,0  0,0   48000,0  19956,0   127808,0   34282,9   21248,0 3026,5      4    0,045   0      0,000    0,045
         1533,9 23488,0 7936,0  0,0   7920,0 46848,0  12803,2   127808,0   45482,9   21248,0 3026,5      5    0,060   0      0,000    0,060
         1535,9 21440,0 23040,0 18048,0  0,0   45696,0   3618,1   127808,0   45482,9   21248,0 3026,5      6    0,073   0      0,000    0,073
         1537,8 21440,0 23040,0 18048,0  0,0   45696,0  39798,6   127808,0   45482,9   21248,0 3026,5      6    0,073   0      0,000    0,073
         1539,8 27584,0 23040,0  0,0   23008,0 44608,0  32008,8   127808,0   50399,0   21248,0 3026,5      7    0,089   0      0,000    0,089
         1541,8 27584,0 32640,0 27552,0  0,0   39552,0  24611,3   127808,0   55503,0   21248,0 3026,5      8    0,106   0      0,000    0,106
         1543,8 34432,0 32640,0  0,0   28064,0 38720,0  20984,5   127808,0   63751,1   21248,0 3026,5      9    0,127   0      0,000    0,127
         1545,8 31040,0 33152,0 20992,0  0,0   37888,0  25499,4   127808,0   83431,1   21248,0 3026,5     10    0,155   0      0,000    0,155
         1547,8 34112,0 33152,0  0,0   8224,0 37056,0  24734,9   127808,0   104503,1  21248,0 3026,5     11    0,180   0      0,000    0,180
         1549,8 34112,0 34752,0  0,0    0,0   36288,0  22240,0   182848,0   116018,7  21248,0 3024,6     12    0,195   1      0,170    0,365
         1551,8 34944,0 7936,0  0,0   7936,0 35520,0  23335,7   182848,0   116018,7  21248,0 3024,6     13    0,203   1      0,170    0,373
         1553,9 34112,0 34880,0 7712,0  0,0   34816,0  25825,9   182848,0   123930,7  21248,0 3024,6     14    0,221   1      0,170    0,391
         1555,8 34624,0 7616,0  0,0   7616,0 34112,0  18463,9   182848,0   131690,7  21248,0 3024,6     15    0,236   1      0,170    0,406
         1557,8 32896,0 34112,0 7456,0  0,0   33408,0  21433,4   182848,0   139306,7  21248,0 3024,6     16    0,252   1      0,170    0,422
         1559,9 33536,0 7360,0  0,0   7328,0 32768,0  26277,2   182848,0   146762,7  21248,0 3024,6     17    0,268   1      0,170    0,437
         1561,9 31360,0 32768,0 7136,0  0,0   32128,0  30916,9   182848,0   154058,7  21248,0 3024,6     18    0,284   1      0,170    0,454
         1563,9 29568,0 31040,0 6912,0  0,0   30912,0   4338,2   182848,0   168242,7  21248,0 3024,6     20    0,316   1      0,170    0,486
         1565,9 30080,0 6848,0  0,0    0,0   30336,0   7298,3   259008,0   180608,3  21248,0 3024,6     21    0,333   2      0,356    0,689
         1567,9 30080,0 29056,0 6624,0  0,0   31360,0  24700,2   259008,0   180608,3  21248,0 3024,6     22    0,341   2      0,356    0,697
         1569,9 28672,0 29056,0  0,0   14880,0 31360,0  30149,2   259008,0   187248,3  21248,0 3024,6     23    0,359   2      0,356    0,715
         1571,9 27072,0 27776,0 6816,0  0,0   39616,0  35511,7   259008,0   202120,4  21248,0 3024,6     24    0,381   2      0,356    0,737
         1573,9 26496,0 27776,0  0,0   8672,0 39616,0  33463,3   259008,0   208984,4  21248,0 3024,6     25    0,397   2      0,356    0,753
         1575,9 24128,0 25344,0 8640,0  0,0   47168,0  31433,4   259008,0   217640,4  21248,0 3024,6     26    0,416   2      0,356    0,772
         1577,9 23936,0 25344,0  0,0   10272,0 47168,0  21561,1   259008,0   226288,4  21248,0 3024,6     27    0,437   2      0,356    0,793
         1579,9 21248,0 22656,0 10240,0  0,0   55936,0  11194,9   259008,0   236592,4  21248,0 3024,6     28    0,457   2      0,356    0,813
         1581,9 21248,0 22656,0 10240,0  0,0   55936,0  49257,0   259008,0   236592,4  21248,0 3024,6     28    0,457   2      0,356    0,813
         1583,9 22016,0 22656,0  0,0    0,0   55936,0  25748,1   351040,0   252648,4  21248,0 3024,6     29    0,479   3      0,615    1,095
         1585,9 18432,0 21440,0 12128,0  0,0   63744,0   3827,4   351040,0   252648,4  21248,0 3024,6     30    0,494   3      0,615    1,110
         1587,9 18432,0 21440,0 12128,0  0,0   63744,0  40824,8   351040,0   252648,4  21248,0 3024,6     30    0,494   3      0,615    1,110
         1589,9 25920,0 21440,0  0,0   21440,0 63744,0  10205,8   351040,0   257016,4  21248,0 3024,6     31    0,521   3      0,615    1,137
         1591,9 25920,0 21440,0  0,0   21440,0 63744,0  47203,2   351040,0   257016,4  21248,0 3024,6     31    0,521   3      0,615    1,137
         1593,9 24512,0 25088,0 13792,0  0,0   72896,0  18965,2   351040,0   278768,4  21248,0 3024,6     32    0,556   3      0,615    1,171
         1595,9 24512,0 25088,0 13792,0  0,0   72896,0  56895,8   351040,0   278768,4  21248,0 3024,6     32    0,556   3      0,615    1,171
         1597,9 25024,0 25088,0  0,0   15776,0 72896,0  18965,3   351040,0   292664,4  21248,0 3024,6     33    0,584   3      0,615    1,200
         1599,9 25024,0 25088,0  0,0   15776,0 72896,0  56895,9   351040,0   292664,4  21248,0 3024,6     33    0,584   3      0,615    1,200
         1601,9 25024,0 30720,0 25024,0  0,0   75840,0  21249,1   351040,0   299064,4  21248,0 3024,6     34    0,615   3      0,615    1,230
         1603,9 25024,0 30720,0 25024,0  0,0   75840,0  57676,0   351040,0   299064,4  21248,0 3024,6     34    0,615   3      0,615    1,230
         1605,9 29760,0 30720,0  0,0   16448,0 75840,0  18213,5   351040,0   324472,4  21248,0 3024,6     35    0,654   3      0,615    1,269
         1607,9 29760,0 30720,0  0,0   16448,0 75840,0  56158,2   351040,0   324472,4  21248,0 3024,6     35    0,654   3      0,615    1,269
         1609,9 28096,0 28864,0 4657,5  0,0   85184,0  10228,6   487040,0   351037,3  21248,0 3024,6     36    0,691   4      0,969    1,660
         1611,9 28096,0 28864,0 4657,5  0,0   85184,0  49438,5   487040,0   351037,3  21248,0 3024,6     36    0,691   4      0,969    1,660
         1613,9 28096,0 28864,0 4657,5  0,0   85184,0  85184,0   487040,0   351037,3  21248,0 3024,6     37    0,691   4      0,969    1,660
         1615,9 28736,0 28864,0  0,0   18432,0 85184,0  57985,2   487040,0   355797,3  21248,0 3024,6     37    0,749   4      0,969    1,719
         1617,9 28736,0 41344,0 28704,0  0,0   82944,0   9123,4   487040,0   380133,3  21248,0 3024,6     38    0,793   4      0,969    1,762
         1619,9 28736,0 41344,0 28704,0  0,0   82944,0  41055,3   487040,0   380133,3  21248,0 3024,6     38    0,793   4      0,969    1,762
         1621,9 28736,0 41344,0 28704,0  0,0   82944,0  79069,3   487040,0   380133,3  21248,0 3024,6     38    0,793   4      0,969    1,762
         1623,9 39296,0 41344,0  0,0   17952,0 82944,0  31474,4   487040,0   408973,3  21248,0 3024,6     39    0,837   4      0,969    1,807
         1625,9 39296,0 41344,0  0,0   17952,0 82944,0  67669,7   487040,0   408973,3  21248,0 3024,6     39    0,837   4      0,969    1,807
         1627,9 35520,0 37440,0 17952,0  0,0   93312,0  21691,0   487040,0   427061,3  21248,0 3024,6     40    0,882   4      0,969    1,851
         1629,9 35520,0 37440,0 17952,0  0,0   93312,0  59650,0   487040,0   427061,3  21248,0 3024,6     40    0,882   4      0,969    1,851
         1631,9 36096,0 37440,0  0,0   20192,0 93312,0   1832,9   487040,0   445133,3  21248,0 3024,6     41    0,930   4      0,969    1,900
         1633,9 36096,0 37440,0  0,0   20192,0 93312,0  40324,9   487040,0   445133,3  21248,0 3024,6     41    0,930   4      0,969    1,900
         1635,9 36096,0 37440,0  0,0   20192,0 93312,0  76984,1   487040,0   445133,3  21248,0 3024,6     41    0,930   4      0,969    1,900
         1637,9 33472,0 34816,0  0,0    0,0   103488,0 12282,0   642176,0   473589,2  21248,0 3024,6     42    0,977   5      1,474    2,451
         1639,9 33472,0 34816,0  0,0    0,0   103488,0 49128,1   642176,0   473589,2  21248,0 3024,6     42    0,977   5      1,474    2,451
         1641,9 33472,0 34816,0  0,0    0,0   103488,0 85974,0   642176,0   473589,2  21248,0 3024,6     42    0,977   5      1,474    2,451
         1643,9 34432,0 34816,0  0,0   22336,0 103488,0 20613,0   642176,0   473589,2  21248,0 3024,6     43    1,004   5      1,474    2,478
         1645,9 34432,0 34816,0  0,0   22336,0 103488,0 57716,3   642176,0   473589,2  21248,0 3024,6     43    1,004   5      1,474    2,478
         1647,9 34432,0 34816,0  0,0   22336,0 103488,0 96881,0   642176,0   473589,2  21248,0 3024,6     43    1,004   5      1,474    2,478
         1649,9 34432,0 42240,0 34432,0  0,0   105088,0 29510,8   642176,0   483789,2  21248,0 3024,6     44    1,052   5      1,474    2,526
         1651,9 34432,0 42240,0 34432,0  0,0   105088,0 67453,1   642176,0   483789,2  21248,0 3024,6     44    1,052   5      1,474    2,526
         1653,9 34432,0 42240,0 34432,0  0,0   105088,0 103287,5  642176,0   483789,2  21248,0 3024,6     44    1,052   5      1,474    2,526
         1655,9 40512,0 42240,0  0,0   22688,0 105088,0 29510,4   642176,0   518701,2  21248,0 3024,6     45    1,111   5      1,474    2,585
         1657,9 40512,0 42240,0  0,0   22688,0 105088,0 67452,7   642176,0   518701,2  21248,0 3024,6     45    1,111   5      1,474    2,585
         1659,9 40512,0 42240,0  0,0   22688,0 105088,0 101179,2  642176,0   518701,2  21248,0 3024,6     45    1,111   5      1,474    2,585
         1661,9 40512,0 47232,0 40512,0  0,0   108288,0 32580,2   642176,0   523445,2  21248,0 3024,6     46    1,157   5      1,474    2,631
         1663,9 40512,0 47232,0 40512,0  0,0   108288,0 71676,2   642176,0   523445,2  21248,0 3024,6     46    1,157   5      1,474    2,631
         1665,9 40512,0 47232,0 40512,0  0,0   108288,0 108288,0  642176,0   523445,2  21248,0 3024,6     46    1,157   5      1,474    2,631
         1667,9 45120,0 47232,0  0,0   23392,0 108288,0 36924,7   642176,0   564541,2  21248,0 3024,6     47    1,219   5      1,474    2,693
         1669,9 45120,0 47232,0  0,0   23392,0 108288,0 73849,2   642176,0   564541,2  21248,0 3024,6     47    1,219   5      1,474    2,693
         1671,9 45120,0 51264,0 45120,0  0,0   112512,0  2256,8   642176,0   565989,2  21248,0 3024,6     48    1,268   5      1,474    2,742
         1673,9 45120,0 51264,0 45120,0  0,0   112512,0 40621,7   642176,0   565989,2  21248,0 3024,6     48    1,268   5      1,474    2,742
         1675,9 45120,0 51264,0 45120,0  0,0   112512,0 78986,5   642176,0   565989,2  21248,0 3024,6     48    1,268   5      1,474    2,742
         1677,9 49216,0 51264,0  0,0   24256,0 112512,0   0,0     642176,0   611733,2  21248,0 3024,6     49    1,335   6      1,474    2,809
         1679,9 49216,0 51264,0  0,0    0,0   112512,0 29337,8   852672,0   633494,5  21248,0 3024,6     49    1,335   6      2,074    3,409
         1681,9 49216,0 51264,0  0,0    0,0   112512,0 65445,9   852672,0   633494,5  21248,0 3024,6     49    1,335   6      2,074    3,409
         1683,9 49216,0 51264,0  0,0    0,0   112512,0 101554,0  852672,0   633494,5  21248,0 3024,6     49    1,335   6      2,074    3,409
         1685,9 44160,0 47232,0 24256,0  0,0   121920,0 24454,4   852672,0   633494,5  21248,0 3024,6     50    1,366   6      2,074    3,440
         1687,9 44160,0 47232,0 24256,0  0,0   121920,0 61136,0   852672,0   633494,5  21248,0 3024,6     50    1,366   6      2,074    3,440
         1689,9 44160,0 47232,0 24256,0  0,0   121920,0 97817,5   852672,0   633494,5  21248,0 3024,6     50    1,366   6      2,074    3,440
         1691,9 54144,0 47232,0  0,0   47232,0 121920,0 12227,2   852672,0   636702,5  21248,0 3024,6     51    1,416   6      2,074    3,490
         1694,0 54144,0 47232,0  0,0   47232,0 121920,0 51354,2   852672,0   636702,5  21248,0 3024,6     51    1,416   6      2,074    3,490
         1696,0 54144,0 47232,0  0,0   47232,0 121920,0 85590,4   852672,0   636702,5  21248,0 3024,6     51    1,416   6      2,074    3,490
         1697,9 54144,0 47232,0  0,0   47232,0 121920,0 121920,0  852672,0   636702,5  21248,0 3024,6     51    1,416   6      2,074    3,490
         1699,9 54144,0 59328,0 49376,0  0,0   126784,0 35601,9   852672,0   661222,5  21248,0 3024,6     52    1,485   6      2,074    3,559
         1701,9 54144,0 59328,0 49376,0  0,0   126784,0 73746,7   852672,0   661222,5  21248,0 3024,6     52    1,485   6      2,074    3,559
         1703,9 54144,0 59328,0 49376,0  0,0   126784,0 109348,5  852672,0   661222,5  21248,0 3024,6     52    1,485   6      2,074    3,559
         1705,9 73536,0 59328,0  0,0   59328,0 126784,0 20343,9   852672,0   678662,5  21248,0 3024,6     53    1,561   6      2,074    3,634
         1707,9 73536,0 59328,0  0,0   59328,0 126784,0 58488,9   852672,0   678662,5  21248,0 3024,6     53    1,561   6      2,074    3,634
         1709,9 73536,0 59328,0  0,0   59328,0 126784,0 94090,9   852672,0   678662,5  21248,0 3024,6     53    1,561   6      2,074    3,634
         1711,9 71296,0 71936,0 41184,0  0,0   139072,0 74399,7   852672,0   718614,5  21248,0 3024,6     54    1,642   6      2,074    3,715
         1713,9 71296,0 71936,0 41184,0  0,0   139072,0 113412,9  852672,0   718614,5  21248,0 3024,6     54    1,642   6      2,074    3,715
         1715,9 93376,0 71936,0  0,0   71904,0 139072,0 10054,2   852672,0   750214,5  21248,0 3024,6     55    1,710   6      2,074    3,783
         1717,9 93376,0 71936,0  0,0   71904,0 139072,0 45243,9   852672,0   750214,5  21248,0 3024,6     55    1,710   6      2,074    3,783
         1719,7 93376,0 71936,0  0,0   71904,0 139072,0 77920,1   852672,0   750214,5  21248,0 3024,6     55    1,710   6      2,074    3,783
         1722,0 93376,0 71936,0  0,0   71904,0 139072,0 115623,3  852672,0   750214,5  21248,0 3024,6     55    1,710   6      2,074    3,783
         1724,0 93376,0 102976,0 82400,0  0,0   143296,0 13493,4   852672,0   769990,5  21248,0 3024,6     56    1,796   6      2,074    3,870
         1726,0 93376,0 102976,0 82400,0  0,0   143296,0 51274,9   852672,0   769990,5  21248,0 3024,6     56    1,796   6      2,074    3,870
         1728,0 93376,0 102976,0 82400,0  0,0   143296,0 89056,4   852672,0   769990,5  21248,0 3024,6     56    1,796   6      2,074    3,870
         1730,0 93376,0 102976,0 82400,0  0,0   143296,0 124139,2  852672,0   769990,5  21248,0 3024,6     56    1,796   6      2,074    3,870
         1732,0 122048,0 102976,0  0,0   102944,0 143296,0 16645,4   852672,0   780294,5  21248,0 3024,6     57    1,863   6      2,074    3,937
         1734,0 122048,0 102976,0  0,0   102944,0 143296,0 55484,2   852672,0   780294,5  21248,0 3024,6     57    1,863   6      2,074    3,937
         1736,0 122048,0 102976,0  0,0   102944,0 143296,0 94323,1   852672,0   780294,5  21248,0 3024,6     57    1,863   6      2,074    3,937
         1738,0 122048,0 102976,0  0,0   102944,0 143296,0 133161,9  852672,0   780294,5  21248,0 3024,6     57    1,863   6      2,074    3,937
         1740,0 114624,0 118272,0 36772,2  0,0   156544,0  9219,5  1114176,0   854015,8  21248,0 3024,6     58    1,949   7      2,899    4,848
         1742,0 114624,0 118272,0 36772,2  0,0   156544,0 49170,1  1114176,0   854015,8  21248,0 3024,6     58    1,949   7      2,899    4,848
         1744,0 114624,0 118272,0 36772,2  0,0   156544,0 86047,6  1114176,0   854015,8  21248,0 3024,6     58    1,949   7      2,899    4,848
         1746,0 114624,0 118272,0 36772,2  0,0   156544,0 122925,1 1114176,0   854015,8  21248,0 3024,6     58    1,949   7      2,899    4,848
         1748,0 118016,0 118272,0  0,0   70624,0 156544,0  3094,7  1114176,0   854015,8  21248,0 3024,6     59    2,094   7      2,899    4,993
         1750,0 118016,0 118272,0  0,0   70624,0 156544,0 40230,3  1114176,0   854015,8  21248,0 3024,6     59    2,094   7      2,899    4,993
         1752,0 118016,0 118272,0  0,0   70624,0 156544,0 77366,0  1114176,0   854015,8  21248,0 3024,6     59    2,094   7      2,899    4,993
         1754,0 118016,0 118272,0  0,0   70624,0 156544,0 114501,8 1114176,0   854015,8  21248,0 3024,6     59    2,094   7      2,899    4,993
         1756,0 118016,0 118272,0  0,0   70624,0 156544,0 145448,2 1114176,0   854015,8  21248,0 3024,6     59    2,094   7      2,899    4,993
         1758,0 118016,0 118336,0 73472,0  0,0   171392,0 23883,1  1114176,0   885247,8  21248,0 3024,6     60    2,204   7      2,899    5,103
         1760,0 118016,0 118336,0 73472,0  0,0   171392,0 61413,7  1114176,0   885247,8  21248,0 3024,6     60    2,204   7      2,899    5,103
         1762,0 118016,0 118336,0 73472,0  0,0   171392,0 98944,2  1114176,0   885247,8  21248,0 3024,6     60    2,204   7      2,899    5,103
         1764,0 118016,0 118336,0 73472,0  0,0   171392,0 136474,7 1114176,0   885247,8  21248,0 3024,6     60    2,204   7      2,899    5,103
         1766,0 118016,0 118336,0 73472,0  0,0   171392,0 170593,4 1114176,0   885247,8  21248,0 3024,6     60    2,204   7      2,899    5,103
         1768,0 129536,0 118336,0  0,0   104192,0 171392,0 37793,3  1114176,0   891439,8  21248,0 3024,6     61    2,307   7      2,899    5,206
         1770,0 129536,0 118336,0  0,0   104192,0 171392,0 75586,4  1114176,0   891439,8  21248,0 3024,6     61    2,307   7      2,899    5,206
         1772,0 129536,0 118336,0  0,0   104192,0 171392,0 109943,7 1114176,0   891439,8  21248,0 3024,6     61    2,307   7      2,899    5,206
         1774,0 129536,0 118336,0  0,0   104192,0 171392,0 147736,8 1114176,0   891439,8  21248,0 3024,6     61    2,307   7      2,899    5,206
         1776,0 129536,0 139520,0 107360,0  0,0   177856,0 14261,4  1114176,0   925559,8  21248,0 3024,6     62    2,461   7      2,899    5,360
         1778,0 129536,0 139520,0 107360,0  0,0   177856,0 49914,6  1114176,0   925559,8  21248,0 3024,6     62    2,461   7      2,899    5,360
         1780,0 129536,0 139520,0 107360,0  0,0   177856,0 85567,8  1114176,0   925559,8  21248,0 3024,6     62    2,461   7      2,899    5,360
         1782,0 129536,0 139520,0 107360,0  0,0   177856,0 124786,4 1114176,0   925559,8  21248,0 3024,6     62    2,461   7      2,899    5,360
         1784,0 129536,0 139520,0 107360,0  0,0   177856,0 160439,6 1114176,0   925559,8  21248,0 3024,6     62    2,461   7      2,899    5,360
         1786,0 148992,0 139520,0  0,0   111968,0 177856,0 17826,7  1114176,0   959671,8  21248,0 3024,6     63    2,601   7      2,899    5,500
         1788,0 148992,0 139520,0  0,0   111968,0 177856,0 57045,2  1114176,0   959671,8  21248,0 3024,6     63    2,601   7      2,899    5,500
         1790,0 148992,0 139520,0  0,0   111968,0 177856,0 89133,2  1114176,0   959671,8  21248,0 3024,6     63    2,601   7      2,899    5,500
         1792,0 148992,0 139520,0  0,0   111968,0 177856,0 124786,4 1114176,0   959671,8  21248,0 3024,6     63    2,601   7      2,899    5,500
         1794,0 148992,0 139520,0  0,0   111968,0 177856,0 164004,9 1114176,0   959671,8  21248,0 3024,6     63    2,601   7      2,899    5,500
         1796,0 148992,0 156800,0 113344,0  0,0   188288,0 18872,4  1114176,0   997023,8  21248,0 3024,6     64    2,757   7      2,899    5,656
         1798,0 148992,0 156800,0 113344,0  0,0   188288,0 56617,1  1114176,0   997023,8  21248,0 3024,6     64    2,757   7      2,899    5,656
         1800,0 148992,0 156800,0 113344,0  0,0   188288,0 90587,4  1114176,0   997023,8  21248,0 3024,6     64    2,757   7      2,899    5,656
         1802,0 148992,0 156800,0 113344,0  0,0   188288,0 128332,1 1114176,0   997023,8  21248,0 3024,6     64    2,757   7      2,899    5,656
         1804,0 148992,0 156800,0 113344,0  0,0   188288,0 166076,9 1114176,0   997023,8  21248,0 3024,6     64    2,757   7      2,899    5,656
         1806,0 164032,0 156800,0  0,0   116992,0 188288,0 11323,3  1114176,0  1034367,8  21248,0 3024,6     65    2,892   7      2,899    5,791
         1808,0 164032,0 156800,0  0,0   116992,0 188288,0 49067,7  1114176,0  1034367,8  21248,0 3024,6     65    2,892   7      2,899    5,791
         1810,0 164032,0 156800,0  0,0   116992,0 188288,0 86812,1  1114176,0  1034367,8  21248,0 3024,6     65    2,892   7      2,899    5,791
         1812,0 164032,0 156800,0  0,0   116992,0 188288,0 124556,5 1114176,0  1034367,8  21248,0 3024,6     65    2,892   7      2,899    5,791
         1814,0 164032,0 156800,0  0,0   116992,0 188288,0 162300,8 1114176,0  1034367,8  21248,0 3024,6     65    2,892   7      2,899    5,791
         1816,0 164032,0 170240,0 119232,0  0,0   201600,0   0,0    1114176,0  1073111,8  21248,0 3024,6     66    3,045   8      2,899    5,945
         1818,0 164032,0 170240,0 74075,2  0,0   201600,0 28289,0  1401984,0  1114172,4  21248,0 3024,6     66    3,045   8      3,965    7,011
         1820,0 164032,0 170240,0 74075,2  0,0   201600,0 64660,5  1401984,0  1114172,4  21248,0 3024,6     66    3,045   8      3,965    7,011
         1822,0 164032,0 170240,0 74075,2  0,0   201600,0 101031,9 1401984,0  1114172,4  21248,0 3024,6     66    3,045   8      3,965    7,011
         1824,1 164032,0 170240,0 74075,2  0,0   201600,0 141444,7 1401984,0  1114172,4  21248,0 3024,6     66    3,045   8      3,965    7,011
         1826,0 164032,0 170240,0 74075,2  0,0   201600,0 173774,9 1401984,0  1114172,4  21248,0 3024,6     66    3,045   8      3,965    7,011
         1828,0 165632,0 170240,0  0,0   94432,0 201600,0  8082,6  1401984,0  1137748,4  21248,0 3024,6     67    3,224   8      3,965    7,190
         1830,0 165632,0 170240,0  0,0   94432,0 201600,0 44454,1  1401984,0  1137748,4  21248,0 3024,6     67    3,224   8      3,965    7,190
         1832,0 165632,0 170240,0  0,0   94432,0 201600,0 80825,6  1401984,0  1137748,4  21248,0 3024,6     67    3,224   8      3,965    7,190
         1834,1 165632,0 170240,0  0,0   94432,0 201600,0 117197,1 1401984,0  1137748,4  21248,0 3024,6     67    3,224   8      3,965    7,190
         1836,1 165632,0 170240,0  0,0   94432,0 201600,0 153568,6 1401984,0  1137748,4  21248,0 3024,6     67    3,224   8      3,965    7,190
         1838,1 165632,0 170240,0  0,0   94432,0 201600,0 189940,1 1401984,0  1137748,4  21248,0 3024,6     67    3,224   8      3,965    7,190
         1840,0 165632,0 168320,0 113728,0  0,0   219968,0 26457,0  1401984,0  1162100,4  21248,0 3024,6     68    3,356   8      3,965    7,321
         1842,0 165632,0 168320,0 113728,0  0,0   219968,0 61732,8  1401984,0  1162100,4  21248,0 3024,6     68    3,356   8      3,965    7,321
         1844,0 165632,0 168320,0 113728,0  0,0   219968,0 101418,2 1401984,0  1162100,4  21248,0 3024,6     68    3,356   8      3,965    7,321
         1846,0 165632,0 168320,0 113728,0  0,0   219968,0 136694,1 1401984,0  1162100,4  21248,0 3024,6     68    3,356   8      3,965    7,321
         1848,0 165632,0 168320,0 113728,0  0,0   219968,0 176379,4 1401984,0  1162100,4  21248,0 3024,6     68    3,356   8      3,965    7,321
         1850,0 165632,0 168320,0 113728,0  0,0   219968,0 211655,2 1401984,0  1162100,4  21248,0 3024,6     68    3,356   8      3,965    7,321
         1852,0 177408,0 168320,0  0,0   133984,0 219968,0 26457,0  1401984,0  1189492,4  21248,0 3024,6     69    3,505   8      3,965    7,470
         1854,0 177408,0 168320,0  0,0   133984,0 219968,0 66142,3  1401984,0  1189492,4  21248,0 3024,6     69    3,505   8      3,965    7,470
         1856,0 177408,0 168320,0  0,0   133984,0 219968,0 101418,2 1401984,0  1189492,4  21248,0 3024,6     69    3,505   8      3,965    7,470
         1858,0 177408,0 168320,0  0,0   133984,0 219968,0 141103,5 1401984,0  1189492,4  21248,0 3024,6     69    3,505   8      3,965    7,470
         1860,0 177408,0 168320,0  0,0   133984,0 219968,0 171969,9 1401984,0  1189492,4  21248,0 3024,6     69    3,505   8      3,965    7,470
         1862,0 177408,0 168320,0  0,0   133984,0 219968,0 211655,2 1401984,0  1189492,4  21248,0 3024,6     69    3,505   8      3,965    7,470
         1864,0 177408,0 185792,0 137920,0  0,0   233920,0 23445,7  1401984,0  1233420,4  21248,0 3024,6     70    3,683   8      3,965    7,648
         1866,0 177408,0 185792,0 137920,0  0,0   233920,0 60958,9  1401984,0  1233420,4  21248,0 3024,6     70    3,683   8      3,965    7,648
         1868,0 177408,0 185792,0 137920,0  0,0   233920,0 98472,0  1401984,0  1233420,4  21248,0 3024,6     70    3,683   8      3,965    7,648
         1870,0 177408,0 185792,0 137920,0  0,0   233920,0 135985,1 1401984,0  1233420,4  21248,0 3024,6     70    3,683   8      3,965    7,648
         1872,0 177408,0 185792,0 137920,0  0,0   233920,0 168809,1 1401984,0  1233420,4  21248,0 3024,6     70    3,683   8      3,965    7,648
         1874,0 177408,0 185792,0 137920,0  0,0   233920,0 206322,2 1401984,0  1233420,4  21248,0 3024,6     70    3,683   8      3,965    7,648
         1876,0 194688,0 185792,0  0,0   144832,0 233920,0  9378,3  1401984,0  1277332,4  21248,0 3024,6     71    3,845   8      3,965    7,810
         1878,0 194688,0 185792,0  0,0   144832,0 233920,0 46891,5  1401984,0  1277332,4  21248,0 3024,6     71    3,845   8      3,965    7,810
         1880,1 194688,0 185792,0  0,0   144832,0 233920,0 84404,6  1401984,0  1277332,4  21248,0 3024,6     71    3,845   8      3,965    7,810
         1882,1 194688,0 185792,0  0,0   144832,0 233920,0 121917,7 1401984,0  1277332,4  21248,0 3024,6     71    3,845   8      3,965    7,810
         1884,1 194688,0 185792,0  0,0   144832,0 233920,0 159430,8 1401984,0  1277332,4  21248,0 3024,6     71    3,845   8      3,965    7,810
         1886,1 194688,0 185792,0  0,0   144832,0 233920,0 196944,0 1401984,0  1277332,4  21248,0 3024,6     71    3,845   8      3,965    7,810
         1888,1 194688,0 185792,0  0,0   144832,0 233920,0 233920,0 1401984,0  1277332,4  21248,0 3024,6     71    3,845   8      3,965    7,810
         1890,1 194688,0 202496,0 147872,0  0,0   249856,0 30051,7  1401984,0  1325244,4  21248,0 3024,6     72    4,035   8      3,965    8,000
         1892,1 194688,0 202496,0 147872,0  0,0   249856,0 70120,5  1401984,0  1325244,4  21248,0 3024,6     72    4,035   8      3,965    8,000
         1894,1 194688,0 202496,0 147872,0  0,0   249856,0 105180,7 1401984,0  1325244,4  21248,0 3024,6     72    4,035   8      3,965    8,000
         1896,0 194688,0 202496,0 147872,0  0,0   249856,0 145249,4 1401984,0  1325244,4  21248,0 3024,6     72    4,035   8      3,965    8,000
         1898,1 194688,0 202496,0 147872,0  0,0   249856,0 180309,6 1401984,0  1325244,4  21248,0 3024,6     72    4,035   8      3,965    8,000
         1900,1 194688,0 202496,0 147872,0  0,0   249856,0 220378,4 1401984,0  1325244,4  21248,0 3024,6     72    4,035   8      3,965    8,000
         1902,1 208128,0 202496,0  0,0   113826,7 249856,0 91929,2  1720448,0  1401982,4  21248,0 3024,6     73    4,209   9      5,393    9,602
         1904,1 208128,0 202496,0  0,0   113826,7 249856,0 126961,2 1720448,0  1401982,4  21248,0 3024,6     73    4,209   9      5,393    9,602
         1906,1 208128,0 202496,0  0,0   113826,7 249856,0 161993,3 1720448,0  1401982,4  21248,0 3024,6     73    4,209   9      5,393    9,602
         1908,1 208128,0 202496,0  0,0   113826,7 249856,0 202029,9 1720448,0  1401982,4  21248,0 3024,6     73    4,209   9      5,393    9,602
         1910,1 208128,0 202496,0  0,0   113826,7 249856,0 237061,9 1720448,0  1401982,4  21248,0 3024,6     73    4,209   9      5,393    9,602
         1912,1 208128,0 232448,0 202464,0  0,0   251456,0 17890,3  1720448,0  1432190,4  21248,0 3024,6     74    4,443   9      5,393    9,836
         1914,1 208128,0 232448,0 202464,0  0,0   251456,0 58143,2  1720448,0  1432190,4  21248,0 3024,6     74    4,443   9      5,393    9,836
         1916,1 208128,0 232448,0 202464,0  0,0   251456,0 93923,6  1720448,0  1432190,4  21248,0 3024,6     74    4,443   9      5,393    9,836
         1918,1 208128,0 232448,0 202464,0  0,0   251456,0 129704,1 1720448,0  1432190,4  21248,0 3024,6     74    4,443   9      5,393    9,836
         1920,0 208128,0 232448,0 202464,0  0,0   251456,0 165484,5 1720448,0  1432190,4  21248,0 3024,6     74    4,443   9      5,393    9,836
         1922,0 208128,0 232448,0 202464,0  0,0   251456,0 205737,5 1720448,0  1432190,4  21248,0 3024,6     74    4,443   9      5,393    9,836
         1924,0 208128,0 232448,0 202464,0  0,0   251456,0 241517,9 1720448,0  1432190,4  21248,0 3024,6     74    4,443   9      5,393    9,836
         1926,0 240576,0 232448,0  0,0   172128,0 251456,0 23458,5  1720448,0  1517662,4  21248,0 3024,6     75    4,585   9      5,393    9,978
         1928,0 240576,0 232448,0  0,0   172128,0 251456,0 60992,0  1720448,0  1517662,4  21248,0 3024,6     75    4,585   9      5,393    9,978
         1930,1 240576,0 232448,0  0,0   172128,0 251456,0 98525,5  1720448,0  1517662,4  21248,0 3024,6     75    4,585   9      5,393    9,978
         1932,1 240576,0 232448,0  0,0   172128,0 251456,0 136059,0 1720448,0  1517662,4  21248,0 3024,6     75    4,585   9      5,393    9,978
         1934,1 240576,0 232448,0  0,0   172128,0 251456,0 173592,5 1720448,0  1517662,4  21248,0 3024,6     75    4,585   9      5,393    9,978
         1936,1 240576,0 232448,0  0,0   172128,0 251456,0 211126,0 1720448,0  1517662,4  21248,0 3024,6     75    4,585   9      5,393    9,978
         1938,1 240576,0 232448,0  0,0   172128,0 251456,0 248659,4 1720448,0  1517662,4  21248,0 3024,6     75    4,585   9      5,393    9,978
         1940,1 222400,0 231872,0  0,0    0,0   276352,0  5300,7  2045312,0  1700521,0  21248,0 3024,6     76    4,739  10      6,750   11,489
         1942,1 222400,0 231872,0  0,0    0,0   276352,0 42405,0  2045312,0  1700521,0  21248,0 3024,6     76    4,739  10      6,750   11,489
         1944,1 222400,0 231872,0  0,0    0,0   276352,0 79509,4  2045312,0  1700521,0  21248,0 3024,6     76    4,739  10      6,750   11,489
         1946,1 222400,0 231872,0  0,0    0,0   276352,0 116613,8 2045312,0  1700521,0  21248,0 3024,6     76    4,739  10      6,750   11,489
         1948,1 222400,0 231872,0  0,0    0,0   276352,0 153718,2 2045312,0  1700521,0  21248,0 3024,6     76    4,739  10      6,750   11,489
         1950,1 222400,0 231872,0  0,0    0,0   276352,0 190822,5 2045312,0  1700521,0  21248,0 3024,6     76    4,739  10      6,750   11,489
         1952,1 222400,0 231872,0  0,0    0,0   276352,0 227926,9 2045312,0  1700521,0  21248,0 3024,6     76    4,739  10      6,750   11,489
         1954,0 222400,0 231872,0  0,0    0,0   276352,0 265031,3 2045312,0  1700521,0  21248,0 3024,6     76    4,739  10      6,750   11,489
         1956,1 231808,0 231872,0  0,0   59456,0 276352,0 27059,4  2045312,0  1700521,0  21248,0 3024,6     77    4,819  10      6,750   11,570
         1958,1 231808,0 231872,0  0,0   59456,0 276352,0 64942,5  2045312,0  1700521,0  21248,0 3024,6     77    4,819  10      6,750   11,570
         1960,1 231808,0 231872,0  0,0   59456,0 276352,0 97413,8  2045312,0  1700521,0  21248,0 3024,6     77    4,819  10      6,750   11,570
         1962,1 231808,0 231872,0  0,0   59456,0 276352,0 135297,0 2045312,0  1700521,0  21248,0 3024,6     77    4,819  10      6,750   11,570
         1964,1 231808,0 231872,0  0,0   59456,0 276352,0 173180,1 2045312,0  1700521,0  21248,0 3024,6     77    4,819  10      6,750   11,570
         1966,1 231808,0 231872,0  0,0   59456,0 276352,0 211063,2 2045312,0  1700521,0  21248,0 3024,6     77    4,819  10      6,750   11,570
         1968,1 231808,0 231872,0  0,0   59456,0 276352,0 248946,4 2045312,0  1700521,0  21248,0 3024,6     77    4,819  10      6,750   11,570
         1970,1 209280,0 221056,0 118848,0  0,0   295936,0  5876,6  2045312,0  1700521,0  21248,0 3024,6     78    4,939  10      6,750   11,689
         1972,1 209280,0 221056,0 118848,0  0,0   295936,0 47012,2  2045312,0  1700521,0  21248,0 3024,6     78    4,939  10      6,750   11,689
         1974,1 209280,0 221056,0 118848,0  0,0   295936,0 82271,4  2045312,0  1700521,0  21248,0 3024,6     78    4,939  10      6,750   11,689
         1976,1 209280,0 221056,0 118848,0  0,0   295936,0 117530,7 2045312,0  1700521,0  21248,0 3024,6     78    4,939  10      6,750   11,689
         1978,1 209280,0 221056,0 118848,0  0,0   295936,0 152789,9 2045312,0  1700521,0  21248,0 3024,6     78    4,939  10      6,750   11,689
         1980,1 209280,0 221056,0 118848,0  0,0   295936,0 193925,6 2045312,0  1700521,0  21248,0 3024,6     78    4,939  10      6,750   11,689
         1982,1 209280,0 221056,0 118848,0  0,0   295936,0 229184,8 2045312,0  1700521,0  21248,0 3024,6     78    4,939  10      6,750   11,689
         1984,1 209280,0 221056,0 118848,0  0,0   295936,0 264444,0 2045312,0  1700521,0  21248,0 3024,6     78    4,939  10      6,750   11,689
         1986,1 234880,0 221056,0  0,0   182400,0 295936,0  5917,7  2045312,0  1700521,0  21248,0 3024,6     79    5,120  10      6,750   11,870
         1988,1 234880,0 221056,0  0,0   182400,0 295936,0 41423,6  2045312,0  1700521,0  21248,0 3024,6     79    5,120  10      6,750   11,870
         1990,1 234880,0 221056,0  0,0   182400,0 295936,0 76929,4  2045312,0  1700521,0  21248,0 3024,6     79    5,120  10      6,750   11,870
         1992,1 234880,0 221056,0  0,0   182400,0 295936,0 118352,9 2045312,0  1700521,0  21248,0 3024,6     79    5,120  10      6,750   11,870
         1994,1 234880,0 221056,0  0,0   182400,0 295936,0 153858,7 2045312,0  1700521,0  21248,0 3024,6     79    5,120  10      6,750   11,870
         1996,1 234880,0 221056,0  0,0   182400,0 295936,0 189364,6 2045312,0  1700521,0  21248,0 3024,6     79    5,120  10      6,750   11,870
         1998,1 234880,0 221056,0  0,0   182400,0 295936,0 224870,5 2045312,0  1700521,0  21248,0 3024,6     79    5,120  10      6,750   11,870
         2000,1 234880,0 221056,0  0,0   182400,0 295936,0 260376,3 2045312,0  1700521,0  21248,0 3024,6     79    5,120  10      6,750   11,870
         2002,1 234880,0 221056,0 20896,0 182400,0 295936,0 295936,0 2045312,0  1700521,0  21248,0 3024,6     80    5,120  10      6,750   11,870
         2004,1 234880,0 269120,0 234880,0  0,0   282880,0 34177,1  2045312,0  1711793,0  21248,0 3024,6     80    5,381  10      6,750   12,132
         2006,1 234880,0 269120,0 234880,0  0,0   282880,0 68354,2  2045312,0  1711793,0  21248,0 3024,6     80    5,381  10      6,750   12,132
         2008,1 234880,0 269120,0 234880,0  0,0   282880,0 108227,3 2045312,0  1711793,0  21248,0 3024,6     80    5,381  10      6,750   12,132
         2010,1 234880,0 269120,0 234880,0  0,0   282880,0 148100,4 2045312,0  1711793,0  21248,0 3024,6     80    5,381  10      6,750   12,132
         2012,1 234880,0 269120,0 234880,0  0,0   282880,0 182277,5 2045312,0  1711793,0  21248,0 3024,6     80    5,381  10      6,750   12,132
         2014,1 234880,0 269120,0 234880,0  0,0   282880,0 222150,6 2045312,0  1711793,0  21248,0 3024,6     80    5,381  10      6,750   12,132
         2016,1 234880,0 269120,0 234880,0  0,0   282880,0 256327,6 2045312,0  1711793,0  21248,0 3024,6     80    5,381  10      6,750   12,132
         2018,1 297088,0 269120,0  0,0   247392,0 282880,0  5696,2  2045312,0  1760721,0  21248,0 3024,6     81    5,647  10      6,750   12,398
         2020,1 297088,0 269120,0  0,0   247392,0 282880,0 45569,4  2045312,0  1760721,0  21248,0 3024,6     81    5,647  10      6,750   12,398
         2022,1 297088,0 269120,0  0,0   247392,0 282880,0 79746,5  2045312,0  1760721,0  21248,0 3024,6     81    5,647  10      6,750   12,398
         2024,1 297088,0 269120,0  0,0   247392,0 282880,0 119619,6 2045312,0  1760721,0  21248,0 3024,6     81    5,647  10      6,750   12,398
         2026,1 297088,0 269120,0  0,0   247392,0 282880,0 159492,7 2045312,0  1760721,0  21248,0 3024,6     81    5,647  10      6,750   12,398
         2028,1 297088,0 269120,0  0,0   247392,0 282880,0 193669,8 2045312,0  1760721,0  21248,0 3024,6     81    5,647  10      6,750   12,398
         2030,1 297088,0 269120,0  0,0   247392,0 282880,0 227846,8 2045312,0  1760721,0  21248,0 3024,6     81    5,647  10      6,750   12,398
         2032,1 297088,0 269120,0  0,0   247392,0 282880,0 262023,7 2045312,0  1760721,0  21248,0 3024,6     81    5,647  10      6,750   12,398
         2034,1 297088,0 340864,0 297088,0  0,0   262208,0 10559,8  2045312,0  1771921,0  21248,0 3024,6     82    5,958  10      6,750   12,708
         2036,1 297088,0 340864,0 297088,0  0,0   262208,0 52799,0  2045312,0  1771921,0  21248,0 3024,6     82    5,958  10      6,750   12,708
         2038,1 297088,0 340864,0 297088,0  0,0   262208,0 89758,4  2045312,0  1771921,0  21248,0 3024,6     82    5,958  10      6,750   12,708
         2040,1 297088,0 340864,0 297088,0  0,0   262208,0 121437,8 2045312,0  1771921,0  21248,0 3024,6     82    5,958  10      6,750   12,708
         2042,1 297088,0 340864,0 297088,0  0,0   262208,0 158397,1 2045312,0  1771921,0  21248,0 3024,6     82    5,958  10      6,750   12,708
         2044,1 297088,0 340864,0 297088,0  0,0   262208,0 195356,4 2045312,0  1771921,0  21248,0 3024,6     82    5,958  10      6,750   12,708
         2046,1 297088,0 340864,0 297088,0  0,0   262208,0 232315,7 2045312,0  1771921,0  21248,0 3024,6     82    5,958  10      6,750   12,708
         2048,1 340864,0 340864,0  0,0   241536,0 262208,0  5280,1  2045312,0  1885329,0  21248,0 3024,6     83    6,290  10      6,750   13,040
         2050,1 340864,0 340864,0  0,0   241536,0 262208,0 42239,4  2045312,0  1885329,0  21248,0 3024,6     83    6,290  10      6,750   13,040
         2052,1 340864,0 340864,0  0,0   241536,0 262208,0 79198,7  2045312,0  1885329,0  21248,0 3024,6     83    6,290  10      6,750   13,040
         2054,1 340864,0 340864,0  0,0   241536,0 262208,0 116158,0 2045312,0  1885329,0  21248,0 3024,6     83    6,290  10      6,750   13,040
         2056,1 340864,0 340864,0  0,0   241536,0 262208,0 153117,3 2045312,0  1885329,0  21248,0 3024,6     83    6,290  10      6,750   13,040
         2058,1 340864,0 340864,0  0,0   241536,0 262208,0 190076,6 2045312,0  1885329,0  21248,0 3024,6     83    6,290  10      6,750   13,040
         2060,1 340864,0 340864,0  0,0   241536,0 262208,0 227036,0 2045312,0  1885329,0  21248,0 3024,6     83    6,290  10      6,750   13,040
         2062,1 340864,0 340864,0  0,0   241536,0 262208,0 258715,4 2045312,0  1885329,0  21248,0 3024,6     83    6,290  10      6,750   13,040
         2064,1 331008,0 335744,0 173600,0  0,0   287104,0   0,0    2045312,0  2011361,0  21248,0 3024,6     84    6,569  11      6,750   13,319
         2066,1 331008,0 335744,0 134081,7  0,0   287104,0 28906,2  2045312,0  2045310,2  21248,0 3024,6     84    6,569  11      8,801   15,370
         2068,1 331008,0 335744,0 134081,7  0,0   287104,0 69374,7  2045312,0  2045310,2  21248,0 3024,6     84    6,569  11      8,801   15,370
         2070,1 331008,0 335744,0 134081,7  0,0   287104,0 104062,1 2045312,0  2045310,2  21248,0 3024,6     84    6,569  11      8,801   15,370
         2072,1 331008,0 335744,0 134081,7  0,0   287104,0 127187,0 2045312,0  2045310,2  21248,0 3024,6     84    6,569  11      8,801   15,370
         2074,1 331008,0 335744,0 134081,7  0,0   287104,0 161874,3 2045312,0  2045310,2  21248,0 3024,6     84    6,569  11      8,801   15,370
         2076,1 331008,0 335744,0 134081,7  0,0   287104,0 202342,9 2045312,0  2045310,2  21248,0 3024,6     84    6,569  11      8,801   15,370
         2078,1 331008,0 335744,0 134081,7  0,0   287104,0 237030,3 2045312,0  2045310,2  21248,0 3024,6     84    6,569  11      8,801   15,370
         2080,1 331008,0 335744,0 134081,7  0,0   287104,0 277498,8 2045312,0  2045310,2  21248,0 3024,6     84    6,569  11      8,801   15,370
         2082,1 331008,0 335744,0 134081,7  0,0   287104,0 287104,0 2045312,0  2045310,2  21248,0 3024,6     84    6,569  12      8,801   15,370
         2084,1 331008,0 335744,0  0,0    0,0   287104,0 230289,2 2045312,0  2045311,7  21248,0 3024,6     84    6,569  12     10,499   17,068
         2086,1 331008,0 335744,0  0,0    0,0   287104,0 264976,6 2045312,0  2045311,7  21248,0 3024,6     84    6,569  12     10,499   17,068
         2088,1 331008,0 335744,0  0,0    0,0   287104,0 287104,0 2045312,0  2045311,7  21248,0 3024,6     84    6,569  13     10,499   17,068
         2090,1 331008,0 335744,0  0,0    0,0   287104,0 241641,4 2045312,0  2045311,7  21248,0 3024,6     84    6,569  13     12,052   18,621
         2092,1 331008,0 335744,0  0,0    0,0   287104,0 276883,8 2045312,0  2045311,7  21248,0 3024,6     84    6,569  13     12,052   18,621
         2094,1 331008,0 335744,0  0,0    0,0   287104,0 287104,0 2045312,0  2045311,7  21248,0 3024,6     84    6,569  14     12,052   18,621
         2096,1 331008,0 335744,0  0,0    0,0   287104,0 264492,3 2045312,0  2045311,7  21248,0 3024,6     84    6,569  14     13,619   20,188
         2098,1 331008,0 335744,0  0,0    0,0   287104,0 287104,0 2045312,0  2045311,7  21248,0 3024,6     84    6,569  15     13,619   20,188
         2100,1 331008,0 335744,0  0,0    0,0   287104,0 263561,0 2045312,0  2045311,7  21248,0 3024,6     84    6,569  15     15,182   21,751
         2102,1 331008,0 335744,0  0,0    0,0   287104,0 287104,0 2045312,0  2045311,7  21248,0 3024,6     84    6,569  16     15,182   21,751
         2104,1 331008,0 335744,0  0,0    0,0   287104,0 274468,4 2045312,0  2045311,7  21248,0 3024,6     84    6,569  16     16,845   23,414
         2106,1 331008,0 335744,0  0,0    0,0   287104,0 287104,0 2045312,0  2045311,7  21248,0 3024,6     84    6,569  17     16,845   23,414
         2108,1 331008,0 335744,0  0,0    0,0   287104,0 287104,0 2045312,0  2045311,7  21248,0 3024,6     84    6,569  18     18,366   24,934
         2110,1 331008,0 335744,0  0,0    0,0   287104,0 280183,3 2045312,0  2045311,7  21248,0 3024,6     84    6,569  18     19,906   26,475
         2112,1 331008,0 335744,0  0,0    0,0   287104,0 287104,0 2045312,0  2045311,7  21248,0 3024,6     84    6,569  19     19,906   26,475
         2114,1 331008,0 335744,0  0,0    0,0   287104,0 287104,0 2045312,0  2045311,7  21248,0 3024,6     84    6,569  20     21,566   28,135
         2116,1 331008,0 335744,0  0,0    0,0   287104,0 287104,0 2045312,0  2045311,7  21248,0 3024,6     84    6,569  21     23,171   29,740
         2118,1 331008,0 335744,0  0,0    0,0   287104,0 287104,0 2045312,0  2045311,7  21248,0 3024,6     84    6,569  22     24,755   31,323
         2120,1 331008,0 335744,0  0,0    0,0   287104,0 287104,0 2045312,0  2045311,7  21248,0 3024,6     84    6,569  23     26,324   32,893
         2122,1 331008,0 335744,0  0,0    0,0   287104,0 287104,0 2045312,0  2045311,7  21248,0 3024,6     84    6,569  24     27,837   34,405
         2124,1 331008,0 335744,0  0,0    0,0   287104,0 287104,0 2045312,0  2045311,7  21248,0 3024,6     84    6,569  25     29,481   36,050
         2126,1 331008,0 335744,0  0,0    0,0   287104,0 287104,0 2045312,0  2045311,7  21248,0 3024,6     84    6,569  26     31,119   37,688
         2128,1 331008,0 335744,0  0,0    0,0   287104,0 287104,0 2045312,0  2045311,7  21248,0 3024,6     84    6,569  27     32,763   39,332
         2130,1 331008,0 335744,0  0,0    0,0   287104,0 287104,0 2045312,0  2045311,7  21248,0 3024,6     84    6,569  28     34,505   41,074
         2132,1 331008,0 335744,0  0,0    0,0   287104,0 287104,0 2045312,0  2045311,7  21248,0 3024,6     84    6,569  29     36,225   42,794
         2134,1 331008,0 335744,0  0,0    0,0   287104,0 287104,0 2045312,0  2045311,7  21248,0 3024,6     84    6,569  31     39,500   46,069
         2136,1 331008,0 335744,0  0,0    0,0   287104,0 287104,0 2045312,0  2045311,7  21248,0 3024,6     84    6,569  32     41,084   47,652
         2138,1 331008,0 335744,0  0,0    0,0   287104,0 287104,0 2045312,0  2045311,7  21248,0 3024,6     84    6,569  33     42,929   49,498
         2140,1 331008,0 335744,0  0,0    0,0   287104,0 287104,0 2045312,0  2045311,7  21248,0 3024,6     84    6,569  34     44,755   51,324
         2142,1 331008,0 335744,0  0,0    0,0   287104,0 287104,0 2045312,0  2045311,7  21248,0 3024,6     84    6,569  35     46,416   52,985
         2144,1 331008,0 335744,0  0,0    0,0   287104,0 287104,0 2045312,0  2045311,7  21248,0 3024,6     84    6,569  36     48,061   54,629
         2146,1 331008,0 335744,0  0,0    0,0   287104,0 286882,8 2045312,0  2045311,7  21248,0 3024,6     84    6,569  38     51,529   58,097
         2148,1 331008,0 335744,0  0,0    0,0   287104,0 287104,0 2045312,0  2045311,7  21248,0 3024,6     84    6,569  39     53,257   59,826
         2150,1 331008,0 335744,0  0,0    0,0   287104,0 287104,0 2045312,0  2045311,7  21248,0 3024,6     84    6,569  40     54,967   61,536
         2152,1 331008,0 335744,0  0,0    0,0   287104,0 287104,0 2045312,0  2045311,7  21248,0 3024,6     84    6,569  41     56,722   63,291
         2154,1 331008,0 335744,0  0,0    0,0   287104,0 287104,0 2045312,0  2045311,7  21248,0 3024,6     84    6,569  42     58,414   64,983
         2156,1 331008,0 335744,0  0,0    0,0   287104,0 287104,0 2045312,0  2045311,7  21248,0 3024,6     84    6,569  43     60,184   66,753
         2158,1 331008,0 335744,0  0,0    0,0   287104,0 287104,0 2045312,0  2045311,7  21248,0 3024,6     84    6,569  44     61,936   68,505
         2160,1 331008,0 335744,0  0,0    0,0   287104,0 287104,0 2045312,0  2045311,7  21248,0 3024,6     84    6,569  46     65,486   72,055
         2162,1 331008,0 335744,0  0,0    0,0   287104,0 287104,0 2045312,0  2045311,7  21248,0 3024,6     84    6,569  47     67,368   73,937
         2164,1 331008,0 335744,0  0,0    0,0   287104,0 287104,0 2045312,0  2045311,7  21248,0 3024,6     84    6,569  48     69,190   75,758
         2166,1 331008,0 335744,0  0,0    0,0   287104,0 287104,0 2045312,0  2045311,7  21248,0 3024,6     84    6,569  49     71,080   77,649
         2168,1 331008,0 335744,0  0,0    0,0   287104,0 287104,0 2045312,0  2045311,7  21248,0 3024,6     84    6,569  50     72,874   79,442
         2170,1 331008,0 335744,0  0,0    0,0   287104,0 287104,0 2045312,0  2045311,7  21248,0 3024,6     84    6,569  51     74,666   81,235
         2172,2 331008,0 335744,0  0,0    0,0   287104,0 287104,0 2045312,0  2045311,7  21248,0 3024,6     84    6,569  52     76,435   83,004
         2174,2 331008,0 335744,0  0,0    0,0   287104,0 287104,0 2045312,0  2045311,7  21248,0 3024,6     84    6,569  53     78,290   84,859
         2176,2 331008,0 335744,0  0,0    0,0   287104,0 287104,0 2045312,0  2045311,7  21248,0 3024,6     84    6,569  54     80,141   86,710
         2178,1 331008,0 335744,0  0,0    0,0   287104,0 287104,0 2045312,0  2045311,7  21248,0 3024,6     84    6,569  55     81,924   88,493
         2180,1 331008,0 335744,0  0,0    0,0   287104,0 287101,4 2045312,0  2045311,7  21248,0 3024,6     84    6,569  57     85,519   92,087
         2182,1 331008,0 335744,0  0,0    0,0   287104,0 287104,0 2045312,0  2045311,7  21248,0 3024,6     84    6,569  58     87,313   93,881
         2184,1 331008,0 335744,0  0,0    0,0   287104,0 287104,0 2045312,0  2045311,7  21248,0 3024,6     84    6,569  59     89,112   95,681
         2186,1 331008,0 335744,0  0,0    0,0   287104,0 287104,0 2045312,0  2045311,7  21248,0 3024,6     84    6,569  60     90,907   97,476
         2188,1 331008,0 335744,0  0,0    0,0   287104,0 287104,0 2045312,0  2045311,7  21248,0 3024,6     84    6,569  61     92,707   99,276
         2190,1 331008,0 335744,0  0,0    0,0   287104,0 287104,0 2045312,0  2045311,7  21248,0 3024,6     84    6,569  62     94,554  101,123
         2192,1 331008,0 335744,0  0,0    0,0   287104,0 287104,0 2045312,0  2045311,7  21248,0 3024,6     84    6,569  63     96,367  102,935
         2194,1 331008,0 335744,0  0,0    0,0   287104,0 287104,0 2045312,0  2045311,7  21248,0 3024,6     84    6,569  64     98,252  104,821
         2196,2 331008,0 335744,0  0,0    0,0   287104,0 287104,0 2045312,0  2045311,7  21248,0 3024,6     84    6,569  65    100,047  106,616
         2198,2 331008,0 335744,0  0,0    0,0   287104,0 287103,9 2045312,0  2045311,7  21248,0 3024,6     84    6,569  66    101,847  108,416
         2200,2 331008,0 335744,0  0,0    0,0   287104,0 287104,0 2045312,0  2045311,7  21248,0 3024,6     84    6,569  68    105,509  112,078
         2202,2 331008,0 335744,0  0,0    0,0   287104,0 287104,0 2045312,0  2045312,0  21248,0 3024,6     84    6,569  69    107,408  113,977
         2204,2 331008,0 335744,0  0,0    0,0   287104,0 287104,0 2045312,0  2045311,9  21248,0 3024,6     84    6,569  70    109,193  115,762
         2206,1 331008,0 335744,0  0,0    0,0   287104,0 287104,0 2045312,0  2045311,8  21248,0 3024,6     84    6,569  71    110,960  117,529
         2208,2 331008,0 335744,0  0,0    0,0   287104,0 287104,0 2045312,0  2045312,0  21248,0 3024,6     84    6,569  72    112,798  119,367
         2210,2 331008,0 335744,0  0,0    0,0   287104,0 287104,0 2045312,0  2045312,0  21248,0 3024,6     84    6,569  73    114,588  121,157
         2212,2 331008,0 335744,0  0,0    0,0   287104,0 287104,0 2045312,0  2045312,0  21248,0 3024,6     84    6,569  74    116,368  122,937
         2214,2 331008,0 335744,0  0,0    0,0   287104,0 287104,0 2045312,0  2045312,0  21248,0 3024,6     84    6,569  75    118,154  124,722
         2216,2 331008,0 335744,0  0,0    0,0   287104,0 287104,0 2045312,0  2045312,0  21248,0 3024,6     84    6,569  76    120,004  126,573
         2218,1 331008,0 335744,0  0,0    0,0   287104,0 287104,0 2045312,0  2045312,0  21248,0 3024,6     84    6,569  77    121,819  128,388
         2220,1 331008,0 335744,0  0,0    0,0   287104,0 287104,0 2045312,0  2045312,0  21248,0 3024,6     84    6,569  79    125,413  131,981